[2026-03-17 02:40:21] ERROR: CastError: Cast to ObjectId failed for value "1" (type string) at path "_id" for model "Job"
    at SchemaObjectId.cast (/Users/parveens/Dev/JustTesting/Smarthire-Multi/backend/node_modules/mongoose/lib/schema/objectId.js:253:11)
    at SchemaType.applySetters (/Users/parveens/Dev/JustTesting/Smarthire-Multi/backend/node_modules/mongoose/lib/schemaType.js:1287:12)
    at SchemaType.castForQuery (/Users/parveens/Dev/JustTesting/Smarthire-Multi/backend/node_modules/mongoose/lib/schemaType.js:1713:17)
    at cast (/Users/parveens/Dev/JustTesting/Smarthire-Multi/backend/node_modules/mongoose/lib/cast.js:386:32)
    at Query.cast (/Users/parveens/Dev/JustTesting/Smarthire-Multi/backend/node_modules/mongoose/lib/query.js:5127:12)
    at Query._castConditions (/Users/parveens/Dev/JustTesting/Smarthire-Multi/backend/node_modules/mongoose/lib/query.js:2376:10)
    at model.Query._findOne (/Users/parveens/Dev/JustTesting/Smarthire-Multi/backend/node_modules/mongoose/lib/query.js:2716:8)
    at model.Query.exec (/Users/parveens/Dev/JustTesting/Smarthire-Multi/backend/node_modules/mongoose/lib/query.js:4726:80)
    at process.processTicksAndRejections (node:internal/process/task_queues:105:5)
    at async saveJob (/Users/parveens/Dev/JustTesting/Smarthire-Multi/backend/controllers/savedJobController.js:13:23)
[2026-03-17 02:40:41] ERROR: CastError: Cast to ObjectId failed for value "2" (type string) at path "_id" for model "Job"
    at SchemaObjectId.cast (/Users/parveens/Dev/JustTesting/Smarthire-Multi/backend/node_modules/mongoose/lib/schema/objectId.js:253:11)
    at SchemaType.applySetters (/Users/parveens/Dev/JustTesting/Smarthire-Multi/backend/node_modules/mongoose/lib/schemaType.js:1287:12)
    at SchemaType.castForQuery (/Users/parveens/Dev/JustTesting/Smarthire-Multi/backend/node_modules/mongoose/lib/schemaType.js:1713:17)
    at cast (/Users/parveens/Dev/JustTesting/Smarthire-Multi/backend/node_modules/mongoose/lib/cast.js:386:32)
    at Query.cast (/Users/parveens/Dev/JustTesting/Smarthire-Multi/backend/node_modules/mongoose/lib/query.js:5127:12)
    at Query._castConditions (/Users/parveens/Dev/JustTesting/Smarthire-Multi/backend/node_modules/mongoose/lib/query.js:2376:10)
    at model.Query._findOne (/Users/parveens/Dev/JustTesting/Smarthire-Multi/backend/node_modules/mongoose/lib/query.js:2716:8)
    at model.Query.exec (/Users/parveens/Dev/JustTesting/Smarthire-Multi/backend/node_modules/mongoose/lib/query.js:4726:80)
    at process.processTicksAndRejections (node:internal/process/task_queues:105:5)
    at async saveJob (/Users/parveens/Dev/JustTesting/Smarthire-Multi/backend/controllers/savedJobController.js:13:23)
[2026-03-17 02:41:32] ERROR: CastError: Cast to ObjectId failed for value "1" (type string) at path "_id" for model "Job"
    at SchemaObjectId.cast (/Users/parveens/Dev/JustTesting/Smarthire-Multi/backend/node_modules/mongoose/lib/schema/objectId.js:253:11)
    at SchemaType.applySetters (/Users/parveens/Dev/JustTesting/Smarthire-Multi/backend/node_modules/mongoose/lib/schemaType.js:1287:12)
    at SchemaType.castForQuery (/Users/parveens/Dev/JustTesting/Smarthire-Multi/backend/node_modules/mongoose/lib/schemaType.js:1713:17)
    at cast (/Users/parveens/Dev/JustTesting/Smarthire-Multi/backend/node_modules/mongoose/lib/cast.js:386:32)
    at Query.cast (/Users/parveens/Dev/JustTesting/Smarthire-Multi/backend/node_modules/mongoose/lib/query.js:5127:12)
    at Query._castConditions (/Users/parveens/Dev/JustTesting/Smarthire-Multi/backend/node_modules/mongoose/lib/query.js:2376:10)
    at model.Query._findOne (/Users/parveens/Dev/JustTesting/Smarthire-Multi/backend/node_modules/mongoose/lib/query.js:2716:8)
    at model.Query.exec (/Users/parveens/Dev/JustTesting/Smarthire-Multi/backend/node_modules/mongoose/lib/query.js:4726:80)
    at process.processTicksAndRejections (node:internal/process/task_queues:105:5)
    at async saveJob (/Users/parveens/Dev/JustTesting/Smarthire-Multi/backend/controllers/savedJobController.js:13:23)
[2026-03-17 15:13:19] ERROR: Error: Only PDF, DOC, DOCX, PNG, and JPG files are allowed!
    at fileFilter (C:\Users\hp\OneDrive\Desktop\Smarthire-Multi\backend\middleware\uploadMiddleware.js:50:6)
    at wrappedFileFilter (C:\Users\hp\OneDrive\Desktop\Smarthire-Multi\backend\node_modules\multer\index.js:45:7)
    at Multipart.<anonymous> (C:\Users\hp\OneDrive\Desktop\Smarthire-Multi\backend\node_modules\multer\lib\make-middleware.js:183:7)
    at Multipart.emit (node:events:508:28)
    at HeaderParser.cb (C:\Users\hp\OneDrive\Desktop\Smarthire-Multi\backend\node_modules\busboy\lib\types\multipart.js:358:14)
    at HeaderParser.push (C:\Users\hp\OneDrive\Desktop\Smarthire-Multi\backend\node_modules\busboy\lib\types\multipart.js:162:20)
    at SBMH.ssCb [as _cb] (C:\Users\hp\OneDrive\Desktop\Smarthire-Multi\backend\node_modules\busboy\lib\types\multipart.js:394:37)
    at feed (C:\Users\hp\OneDrive\Desktop\Smarthire-Multi\backend\node_modules\streamsearch\lib\sbmh.js:219:14)
    at SBMH.push (C:\Users\hp\OneDrive\Desktop\Smarthire-Multi\backend\node_modules\streamsearch\lib\sbmh.js:104:16)
    at Multipart._write (C:\Users\hp\OneDrive\Desktop\Smarthire-Multi\backend\node_modules\busboy\lib\types\multipart.js:567:19)
[2026-03-20 14:16:37] ERROR: MongooseError: Cannot pass an array to query updates unless the `updatePipeline` option is set.
    at Query._mergeUpdate (C:\Users\hp\OneDrive\Desktop\Smarthire-Multi\backend\node_modules\mongoose\lib\query.js:4054:11)
    at _update (C:\Users\hp\OneDrive\Desktop\Smarthire-Multi\backend\node_modules\mongoose\lib\query.js:4517:9)
    at Query.updateMany (C:\Users\hp\OneDrive\Desktop\Smarthire-Multi\backend\node_modules\mongoose\lib\query.js:4331:10)
    at _update (C:\Users\hp\OneDrive\Desktop\Smarthire-Multi\backend\node_modules\mongoose\lib\model.js:4114:16)
    at model.updateMany (C:\Users\hp\OneDrive\Desktop\Smarthire-Multi\backend\node_modules\mongoose\lib\model.js:4004:10)
    at seedDemoData (C:\Users\hp\OneDrive\Desktop\Smarthire-Multi\backend\utils\seedDemoData.js:17:15)
    at process.processTicksAndRejections (node:internal/process/task_queues:103:5)
    at async startServer (C:\Users\hp\OneDrive\Desktop\Smarthire-Multi\backend\server.js:153:5)
[2026-03-20 14:16:58] ERROR: MongooseError: Cannot pass an array to query updates unless the `updatePipeline` option is set.
    at Query._mergeUpdate (C:\Users\hp\OneDrive\Desktop\Smarthire-Multi\backend\node_modules\mongoose\lib\query.js:4054:11)
    at _update (C:\Users\hp\OneDrive\Desktop\Smarthire-Multi\backend\node_modules\mongoose\lib\query.js:4517:9)
    at Query.updateMany (C:\Users\hp\OneDrive\Desktop\Smarthire-Multi\backend\node_modules\mongoose\lib\query.js:4331:10)
    at _update (C:\Users\hp\OneDrive\Desktop\Smarthire-Multi\backend\node_modules\mongoose\lib\model.js:4114:16)
    at model.updateMany (C:\Users\hp\OneDrive\Desktop\Smarthire-Multi\backend\node_modules\mongoose\lib\model.js:4004:10)
    at seedDemoData (C:\Users\hp\OneDrive\Desktop\Smarthire-Multi\backend\utils\seedDemoData.js:17:15)
    at process.processTicksAndRejections (node:internal/process/task_queues:103:5)
    at async startServer (C:\Users\hp\OneDrive\Desktop\Smarthire-Multi\backend\server.js:101:3)
[2026-03-20 14:18:56] ERROR: MongooseError: Cannot pass an array to query updates unless the `updatePipeline` option is set.
    at Query._mergeUpdate (C:\Users\hp\OneDrive\Desktop\Smarthire-Multi\backend\node_modules\mongoose\lib\query.js:4054:11)
    at _update (C:\Users\hp\OneDrive\Desktop\Smarthire-Multi\backend\node_modules\mongoose\lib\query.js:4517:9)
    at Query.updateMany (C:\Users\hp\OneDrive\Desktop\Smarthire-Multi\backend\node_modules\mongoose\lib\query.js:4331:10)
    at _update (C:\Users\hp\OneDrive\Desktop\Smarthire-Multi\backend\node_modules\mongoose\lib\model.js:4114:16)
    at model.updateMany (C:\Users\hp\OneDrive\Desktop\Smarthire-Multi\backend\node_modules\mongoose\lib\model.js:4004:10)
    at seedDemoData (C:\Users\hp\OneDrive\Desktop\Smarthire-Multi\backend\utils\seedDemoData.js:17:15)
    at process.processTicksAndRejections (node:internal/process/task_queues:103:5)
    at async startServer (C:\Users\hp\OneDrive\Desktop\Smarthire-Multi\backend\server.js:101:3)
[2026-03-20 14:20:10] ERROR: MongooseError: Cannot pass an array to query updates unless the `updatePipeline` option is set.
    at Query._mergeUpdate (C:\Users\hp\OneDrive\Desktop\Smarthire-Multi\backend\node_modules\mongoose\lib\query.js:4054:11)
    at _update (C:\Users\hp\OneDrive\Desktop\Smarthire-Multi\backend\node_modules\mongoose\lib\query.js:4517:9)
    at Query.updateMany (C:\Users\hp\OneDrive\Desktop\Smarthire-Multi\backend\node_modules\mongoose\lib\query.js:4331:10)
    at _update (C:\Users\hp\OneDrive\Desktop\Smarthire-Multi\backend\node_modules\mongoose\lib\model.js:4114:16)
    at model.updateMany (C:\Users\hp\OneDrive\Desktop\Smarthire-Multi\backend\node_modules\mongoose\lib\model.js:4004:10)
    at seedDemoData (C:\Users\hp\OneDrive\Desktop\Smarthire-Multi\backend\utils\seedDemoData.js:17:15)
    at process.processTicksAndRejections (node:internal/process/task_queues:103:5)
    at async startServer (C:\Users\hp\OneDrive\Desktop\Smarthire-Multi\backend\server.js:101:3)
[2026-03-20 14:23:31] ERROR: MongooseError: Cannot pass an array to query updates unless the `updatePipeline` option is set.
    at Query._mergeUpdate (C:\Users\hp\OneDrive\Desktop\Smarthire-Multi\backend\node_modules\mongoose\lib\query.js:4054:11)
    at _update (C:\Users\hp\OneDrive\Desktop\Smarthire-Multi\backend\node_modules\mongoose\lib\query.js:4517:9)
    at Query.updateMany (C:\Users\hp\OneDrive\Desktop\Smarthire-Multi\backend\node_modules\mongoose\lib\query.js:4331:10)
    at _update (C:\Users\hp\OneDrive\Desktop\Smarthire-Multi\backend\node_modules\mongoose\lib\model.js:4114:16)
    at model.updateMany (C:\Users\hp\OneDrive\Desktop\Smarthire-Multi\backend\node_modules\mongoose\lib\model.js:4004:10)
    at seedDemoData (C:\Users\hp\OneDrive\Desktop\Smarthire-Multi\backend\utils\seedDemoData.js:17:15)
    at process.processTicksAndRejections (node:internal/process/task_queues:103:5)
    at async startServer (C:\Users\hp\OneDrive\Desktop\Smarthire-Multi\backend\server.js:101:3)
[2026-03-20 14:26:05] ERROR: MongooseError: Cannot pass an array to query updates unless the `updatePipeline` option is set.
    at Query._mergeUpdate (C:\Users\hp\OneDrive\Desktop\Smarthire-Multi\backend\node_modules\mongoose\lib\query.js:4054:11)
    at _update (C:\Users\hp\OneDrive\Desktop\Smarthire-Multi\backend\node_modules\mongoose\lib\query.js:4517:9)
    at Query.updateMany (C:\Users\hp\OneDrive\Desktop\Smarthire-Multi\backend\node_modules\mongoose\lib\query.js:4331:10)
    at _update (C:\Users\hp\OneDrive\Desktop\Smarthire-Multi\backend\node_modules\mongoose\lib\model.js:4114:16)
    at model.updateMany (C:\Users\hp\OneDrive\Desktop\Smarthire-Multi\backend\node_modules\mongoose\lib\model.js:4004:10)
    at seedDemoData (C:\Users\hp\OneDrive\Desktop\Smarthire-Multi\backend\utils\seedDemoData.js:17:15)
    at process.processTicksAndRejections (node:internal/process/task_queues:103:5)
    at async startServer (C:\Users\hp\OneDrive\Desktop\Smarthire-Multi\backend\server.js:101:3)
[2026-03-20 14:28:26] ERROR: MongooseError: Cannot pass an array to query updates unless the `updatePipeline` option is set.
    at Query._mergeUpdate (C:\Users\hp\OneDrive\Desktop\Smarthire-Multi\backend\node_modules\mongoose\lib\query.js:4054:11)
    at _update (C:\Users\hp\OneDrive\Desktop\Smarthire-Multi\backend\node_modules\mongoose\lib\query.js:4517:9)
    at Query.updateMany (C:\Users\hp\OneDrive\Desktop\Smarthire-Multi\backend\node_modules\mongoose\lib\query.js:4331:10)
    at _update (C:\Users\hp\OneDrive\Desktop\Smarthire-Multi\backend\node_modules\mongoose\lib\model.js:4114:16)
    at model.updateMany (C:\Users\hp\OneDrive\Desktop\Smarthire-Multi\backend\node_modules\mongoose\lib\model.js:4004:10)
    at seedDemoData (C:\Users\hp\OneDrive\Desktop\Smarthire-Multi\backend\utils\seedDemoData.js:17:15)
    at process.processTicksAndRejections (node:internal/process/task_queues:103:5)
    at async startServer (C:\Users\hp\OneDrive\Desktop\Smarthire-Multi\backend\server.js:101:3)
[2026-03-23 10:40:57] ERROR: PayloadTooLargeError: request entity too large
    at readStream (C:\Users\hp\OneDrive\Desktop\Smarthire-Multi\backend\node_modules\raw-body\index.js:163:17)
    at getRawBody (C:\Users\hp\OneDrive\Desktop\Smarthire-Multi\backend\node_modules\raw-body\index.js:116:12)
    at read (C:\Users\hp\OneDrive\Desktop\Smarthire-Multi\backend\node_modules\body-parser\lib\read.js:113:3)
    at jsonParser (C:\Users\hp\OneDrive\Desktop\Smarthire-Multi\backend\node_modules\body-parser\lib\types\json.js:88:5)
    at Layer.handleRequest (C:\Users\hp\OneDrive\Desktop\Smarthire-Multi\backend\node_modules\router\lib\layer.js:152:17)
    at trimPrefix (C:\Users\hp\OneDrive\Desktop\Smarthire-Multi\backend\node_modules\router\index.js:342:13)
    at C:\Users\hp\OneDrive\Desktop\Smarthire-Multi\backend\node_modules\router\index.js:297:9
    at processParams (C:\Users\hp\OneDrive\Desktop\Smarthire-Multi\backend\node_modules\router\index.js:582:12)
    at next (C:\Users\hp\OneDrive\Desktop\Smarthire-Multi\backend\node_modules\router\index.js:291:5)
    at cors (C:\Users\hp\OneDrive\Desktop\Smarthire-Multi\backend\node_modules\cors\lib\index.js:188:7)
[2026-03-23 11:18:22] ERROR: PayloadTooLargeError: request entity too large
    at readStream (C:\Users\hp\OneDrive\Desktop\Smarthire-Multi\backend\node_modules\raw-body\index.js:163:17)
    at getRawBody (C:\Users\hp\OneDrive\Desktop\Smarthire-Multi\backend\node_modules\raw-body\index.js:116:12)
    at read (C:\Users\hp\OneDrive\Desktop\Smarthire-Multi\backend\node_modules\body-parser\lib\read.js:113:3)
    at jsonParser (C:\Users\hp\OneDrive\Desktop\Smarthire-Multi\backend\node_modules\body-parser\lib\types\json.js:88:5)
    at Layer.handleRequest (C:\Users\hp\OneDrive\Desktop\Smarthire-Multi\backend\node_modules\router\lib\layer.js:152:17)
    at trimPrefix (C:\Users\hp\OneDrive\Desktop\Smarthire-Multi\backend\node_modules\router\index.js:342:13)
    at C:\Users\hp\OneDrive\Desktop\Smarthire-Multi\backend\node_modules\router\index.js:297:9
    at processParams (C:\Users\hp\OneDrive\Desktop\Smarthire-Multi\backend\node_modules\router\index.js:582:12)
    at next (C:\Users\hp\OneDrive\Desktop\Smarthire-Multi\backend\node_modules\router\index.js:291:5)
    at cors (C:\Users\hp\OneDrive\Desktop\Smarthire-Multi\backend\node_modules\cors\lib\index.js:188:7)
[2026-03-23 11:19:08] ERROR: PayloadTooLargeError: request entity too large
    at readStream (C:\Users\hp\OneDrive\Desktop\Smarthire-Multi\backend\node_modules\raw-body\index.js:163:17)
    at getRawBody (C:\Users\hp\OneDrive\Desktop\Smarthire-Multi\backend\node_modules\raw-body\index.js:116:12)
    at read (C:\Users\hp\OneDrive\Desktop\Smarthire-Multi\backend\node_modules\body-parser\lib\read.js:113:3)
    at jsonParser (C:\Users\hp\OneDrive\Desktop\Smarthire-Multi\backend\node_modules\body-parser\lib\types\json.js:88:5)
    at Layer.handleRequest (C:\Users\hp\OneDrive\Desktop\Smarthire-Multi\backend\node_modules\router\lib\layer.js:152:17)
    at trimPrefix (C:\Users\hp\OneDrive\Desktop\Smarthire-Multi\backend\node_modules\router\index.js:342:13)
    at C:\Users\hp\OneDrive\Desktop\Smarthire-Multi\backend\node_modules\router\index.js:297:9
    at processParams (C:\Users\hp\OneDrive\Desktop\Smarthire-Multi\backend\node_modules\router\index.js:582:12)
    at next (C:\Users\hp\OneDrive\Desktop\Smarthire-Multi\backend\node_modules\router\index.js:291:5)
    at cors (C:\Users\hp\OneDrive\Desktop\Smarthire-Multi\backend\node_modules\cors\lib\index.js:188:7)
[2026-03-23 11:27:46] ERROR: PayloadTooLargeError: request entity too large
    at readStream (C:\Users\hp\OneDrive\Desktop\Smarthire-Multi\backend\node_modules\raw-body\index.js:163:17)
    at getRawBody (C:\Users\hp\OneDrive\Desktop\Smarthire-Multi\backend\node_modules\raw-body\index.js:116:12)
    at read (C:\Users\hp\OneDrive\Desktop\Smarthire-Multi\backend\node_modules\body-parser\lib\read.js:113:3)
    at jsonParser (C:\Users\hp\OneDrive\Desktop\Smarthire-Multi\backend\node_modules\body-parser\lib\types\json.js:88:5)
    at Layer.handleRequest (C:\Users\hp\OneDrive\Desktop\Smarthire-Multi\backend\node_modules\router\lib\layer.js:152:17)
    at trimPrefix (C:\Users\hp\OneDrive\Desktop\Smarthire-Multi\backend\node_modules\router\index.js:342:13)
    at C:\Users\hp\OneDrive\Desktop\Smarthire-Multi\backend\node_modules\router\index.js:297:9
    at processParams (C:\Users\hp\OneDrive\Desktop\Smarthire-Multi\backend\node_modules\router\index.js:582:12)
    at next (C:\Users\hp\OneDrive\Desktop\Smarthire-Multi\backend\node_modules\router\index.js:291:5)
    at cors (C:\Users\hp\OneDrive\Desktop\Smarthire-Multi\backend\node_modules\cors\lib\index.js:188:7)
[2026-03-23 11:39:05] ERROR: PayloadTooLargeError: request entity too large
    at readStream (C:\Users\hp\OneDrive\Desktop\Smarthire-Multi\backend\node_modules\raw-body\index.js:163:17)
    at getRawBody (C:\Users\hp\OneDrive\Desktop\Smarthire-Multi\backend\node_modules\raw-body\index.js:116:12)
    at read (C:\Users\hp\OneDrive\Desktop\Smarthire-Multi\backend\node_modules\body-parser\lib\read.js:113:3)
    at jsonParser (C:\Users\hp\OneDrive\Desktop\Smarthire-Multi\backend\node_modules\body-parser\lib\types\json.js:88:5)
    at Layer.handleRequest (C:\Users\hp\OneDrive\Desktop\Smarthire-Multi\backend\node_modules\router\lib\layer.js:152:17)
    at trimPrefix (C:\Users\hp\OneDrive\Desktop\Smarthire-Multi\backend\node_modules\router\index.js:342:13)
    at C:\Users\hp\OneDrive\Desktop\Smarthire-Multi\backend\node_modules\router\index.js:297:9
    at processParams (C:\Users\hp\OneDrive\Desktop\Smarthire-Multi\backend\node_modules\router\index.js:582:12)
    at next (C:\Users\hp\OneDrive\Desktop\Smarthire-Multi\backend\node_modules\router\index.js:291:5)
    at cors (C:\Users\hp\OneDrive\Desktop\Smarthire-Multi\backend\node_modules\cors\lib\index.js:188:7)
[2026-03-23 11:39:30] ERROR: PayloadTooLargeError: request entity too large
    at readStream (C:\Users\hp\OneDrive\Desktop\Smarthire-Multi\backend\node_modules\raw-body\index.js:163:17)
    at getRawBody (C:\Users\hp\OneDrive\Desktop\Smarthire-Multi\backend\node_modules\raw-body\index.js:116:12)
    at read (C:\Users\hp\OneDrive\Desktop\Smarthire-Multi\backend\node_modules\body-parser\lib\read.js:113:3)
    at jsonParser (C:\Users\hp\OneDrive\Desktop\Smarthire-Multi\backend\node_modules\body-parser\lib\types\json.js:88:5)
    at Layer.handleRequest (C:\Users\hp\OneDrive\Desktop\Smarthire-Multi\backend\node_modules\router\lib\layer.js:152:17)
    at trimPrefix (C:\Users\hp\OneDrive\Desktop\Smarthire-Multi\backend\node_modules\router\index.js:342:13)
    at C:\Users\hp\OneDrive\Desktop\Smarthire-Multi\backend\node_modules\router\index.js:297:9
    at processParams (C:\Users\hp\OneDrive\Desktop\Smarthire-Multi\backend\node_modules\router\index.js:582:12)
    at next (C:\Users\hp\OneDrive\Desktop\Smarthire-Multi\backend\node_modules\router\index.js:291:5)
    at cors (C:\Users\hp\OneDrive\Desktop\Smarthire-Multi\backend\node_modules\cors\lib\index.js:188:7)
[2026-04-16 16:06:46] ERROR: ValidationError: Job validation failed: jobType: `Full Time` is not a valid enum value for path `jobType`.
    at model.validate (C:\Users\hp\OneDrive\Desktop\Smarthire-Multi\backend\node_modules\mongoose\lib\document.js:2864:36)
    at process.processTicksAndRejections (node:internal/process/task_queues:103:5)
    at async model.$__save (C:\Users\hp\OneDrive\Desktop\Smarthire-Multi\backend\node_modules\mongoose\lib\model.js:389:7)
    at async model.save (C:\Users\hp\OneDrive\Desktop\Smarthire-Multi\backend\node_modules\mongoose\lib\model.js:663:5)
    at async model.create (C:\Users\hp\OneDrive\Desktop\Smarthire-Multi\backend\node_modules\mongoose\lib\model.js:2750:5)
    at async saveDraftJob (C:\Users\hp\OneDrive\Desktop\Smarthire-Multi\backend\controllers\jobController.js:295:16)
[2026-04-16 16:15:29] ERROR: ValidationError: Job validation failed: jobType: `Full Time` is not a valid enum value for path `jobType`., experienceLevel: `Fresher` is not a valid enum value for path `experienceLevel`.
    at model.validate (C:\Users\hp\OneDrive\Desktop\Smarthire-Multi\backend\node_modules\mongoose\lib\document.js:2864:36)
    at process.processTicksAndRejections (node:internal/process/task_queues:103:5)
    at async model.$__save (C:\Users\hp\OneDrive\Desktop\Smarthire-Multi\backend\node_modules\mongoose\lib\model.js:389:7)
    at async model.save (C:\Users\hp\OneDrive\Desktop\Smarthire-Multi\backend\node_modules\mongoose\lib\model.js:663:5)
    at async model.create (C:\Users\hp\OneDrive\Desktop\Smarthire-Multi\backend\node_modules\mongoose\lib\model.js:2750:5)
    at async saveDraftJob (C:\Users\hp\OneDrive\Desktop\Smarthire-Multi\backend\controllers\jobController.js:295:16)
